// Jest Snapshot v1, https://goo.gl/fbAQLP

exports[`InvestorStatusCount Should render status counts properly 1`] = `
<DocumentFragment>
  .c0 {
  display: -webkit-box;
  display: -webkit-flex;
  display: -ms-flexbox;
  display: flex;
  padding-top: 0.35rem;
  padding-bottom: 0.35rem;
  -webkit-align-items: center;
  -webkit-box-align: center;
  -ms-flex-align: center;
  align-items: center;
  -webkit-box-pack: start;
  -webkit-justify-content: flex-start;
  -ms-flex-pack: start;
  justify-content: flex-start;
}

.c0 span {
  display: -webkit-box;
  display: -webkit-flex;
  display: -ms-flexbox;
  display: flex;
  -webkit-align-items: center;
  -webkit-box-align: center;
  -ms-flex-align: center;
  align-items: center;
  vertical-align: middle;
  position: relative;
  padding-right: 0.75rem;
  margin-right: 0.75rem;
  font-size: 0.65rem;
}

.c0 span i {
  display: inline-block;
  margin-right: 0.25rem;
}

.c0 span b {
  margin-right: 5px;
  margin-left: 5px;
  font-weight: bold;
  -webkit-letter-spacing: 0.2em;
  -moz-letter-spacing: 0.2em;
  -ms-letter-spacing: 0.2em;
  letter-spacing: 0.2em;
  text-transform: uppercase;
  color: var(--subtext-3);
}

.c0 span::after {
  content: "";
  border-right: solid 1px var(--light);
  width: 2px;
  height: 100%;
  position: absolute;
  top: 0;
  right: 0;
}

.c0 span:last-of-type::after {
  border: none;
}

.c2 {
  display: -webkit-box;
  display: -webkit-flex;
  display: -ms-flexbox;
  display: flex;
  -webkit-align-items: center;
  -webkit-box-align: center;
  -ms-flex-align: center;
  align-items: center;
  -webkit-box-pack: end;
  -webkit-justify-content: flex-end;
  -ms-flex-pack: end;
  justify-content: flex-end;
}

.c2 .custom-control.custom-checkbox .custom-control-.label {
  padding-top: 5px;
  text-transform: uppercase;
  font-weight: bold;
  font-size: 11px;
  line-height: 13px;
  -webkit-letter-spacing: 0.2em;
  -moz-letter-spacing: 0.2em;
  -ms-letter-spacing: 0.2em;
  letter-spacing: 0.2em;
}

.c2 .custom-control.custom-checkbox .custom-control-.label::before {
  background: transparent;
  border: 1.5px solid var(--subtext-3);
}

.c1 {
  display: -webkit-box;
  display: -webkit-flex;
  display: -ms-flexbox;
  display: flex;
  height: 5px;
  width: 5px;
  border-radius: 50%;
  margin: 0 auto;
}

.c1.active,
.c1.ready {
  background: var(--active);
}

.c1.deactivated,
.c1.inactive,
.c1.blocked,
.c1.closed,
.c1.terminated {
  background: var(--subtext-3);
}

.c1.tracking {
  background: var(--tracking);
}

.c1.pending {
  background: var(--caution);
}

.c1.error {
  background: var(--issue);
}

.c3 {
  text-transform: capitalize;
  font-weight: bold;
  border-radius: 0.25rem;
  padding: 0.55rem 2.15rem;
  font-size: 0.9rem;
  line-height: normal;
  white-space: nowrap;
  border: 1px solid var(--border-new);
  background: none;
  color: var(--primary);
}

.c3:hover {
  -webkit-text-decoration: none;
  text-decoration: none;
  border: 1px solid var(--border-3);
}

.c3.empty-list {
  background: var(--primary);
  color: var(--white);
  border-color: var(--primary);
}

@media (min-width:1600px) {
  .c0 {
    padding-top: 1rem;
    padding-bottom: 1rem;
  }
}

@media (min-width:1600px) {
  .c0 span {
    padding-right: 1.25rem;
    margin-right: 1.25rem;
    font-size: 0.75rem;
  }
}

@media (min-width:1600px) {
  .c1 {
    height: 6px;
    width: 6px;
  }
}

@media (min-width:1600px) {
  .c3 {
    padding: 0.65rem 2.75rem;
    font-size: 0.95rem;
  }
}

<div
    class="row"
  >
    <div
      class="c0 col-17 col-xxl-16"
    >
      <span>
        <i
          class="c1 pending"
        />
        <b>
          Pending:
        </b>
        0
      </span>
      <span>
        <i
          class="c1 active"
        />
        <b>
          Active:
        </b>
        6
      </span>
      <span>
        <i
          class="c1 inactive"
        />
        <b>
          Inactive:
        </b>
        0
      </span>
      <span>
        <i
          class="c1 error"
        />
        <b>
          ISSUES:
        </b>
        2
      </span>
    </div>
    <div
      class="c2 col-7 col-xxl-8"
    >
      <a
        class="c3"
        data-testid="InvestorList-CreateInvestorLink"
        href="//create/investor-type"
      >
        Create investor account
      </a>
    </div>
  </div>
</DocumentFragment>
`;
