// Jest Snapshot v1, https://goo.gl/fbAQLP

exports[`PortfolioGrowthChart Renders correct line chart 1`] = `
<DocumentFragment>
  .c0 {
  width: 100%;
  height: 100%;
  background: var(--dark);
  border: 1px solid var(--border-new);
  display: -webkit-box;
  display: -webkit-flex;
  display: -ms-flexbox;
  display: flex;
  -webkit-flex-direction: column;
  -ms-flex-direction: column;
  flex-direction: column;
  -webkit-box-pack: stretch;
  -webkit-justify-content: stretch;
  -ms-flex-pack: stretch;
  justify-content: stretch;
  border-radius: 0.5rem;
  padding: 1rem 1.15rem;
  min-height: 6rem;
}

.c0 > * {
  -webkit-box-flex: 1;
  -webkit-flex-grow: 1;
  -ms-flex-positive: 1;
  flex-grow: 1;
}

.c1 {
  font-weight: bold;
  line-height: normal;
  -webkit-letter-spacing: 0.2em;
  -moz-letter-spacing: 0.2em;
  -ms-letter-spacing: 0.2em;
  letter-spacing: 0.2em;
  text-transform: uppercase;
  color: var(--lightest);
  position: relative;
  font-size: 0.65rem;
  padding: 0.25rem 0;
  margin-bottom: 0.25rem;
  max-height: 2rem;
}

.c1 > svg {
  margin: -0.5rem 0 0 0.35rem;
  vertical-align: middle;
  width: 0.85rem;
  height: 0.85rem;
}

.c2 {
  padding: 1.5rem 0.5rem 0;
}

@media (min-width:1600px) {
  .c0 {
    border-radius: 0.625rem;
    padding: 1rem 1.65rem 1.65rem 1.65rem;
  }
}

@media (min-width:1600px) {
  .c1 {
    font-size: 0.75rem;
    margin-bottom: 0.5rem;
  }
}

@media (min-width:1600px) {
  .c1 > svg {
    width: 1rem;
    height: 1rem;
  }
}

<div
    class="mb-1 col"
    data-testid="Portfolio-Metric-Card"
  >
    <div
      class="c0"
    >
      <div
        class="c1 d-flex align-items-center"
      >
        portfolio growth
      </div>
      <div
        class="c2 col"
      >
        <canvas
          class="chartjs-render-monitor"
          height="0"
          id="portfolio-growth"
          style="display: block; width: 0px; height: 0px;"
          width="0"
        />
      </div>
    </div>
  </div>
</DocumentFragment>
`;
