// Jest Snapshot v1, https://goo.gl/fbAQLP

exports[`invoke onDragEnter when dragenter event occurs 1`] = `
<DocumentFragment>
  .c0 {
  display: -webkit-box;
  display: -webkit-flex;
  display: -ms-flexbox;
  display: flex;
  -webkit-flex: 1;
  -ms-flex: 1;
  flex: 1;
  -webkit-flex-direction: column;
  -ms-flex-direction: column;
  flex-direction: column;
  cursor: pointer;
  grid-template-columns: max-content;
  text-align: right;
  -webkit-align-items: center;
  -webkit-box-align: center;
  -ms-flex-align: center;
  align-items: center;
  justify-items: center;
  -webkit-box-pack: center;
  -webkit-justify-content: center;
  -ms-flex-pack: center;
  justify-content: center;
  padding: 4rem;
  border: 1px dashed transparent;
  -webkit-animation: 1s cJoqxJ ease-in-out;
  animation: 1s cJoqxJ ease-in-out;
  box-sizing: border-box;
  border-radius: 10px;
  -webkit-transition: color 0.25s;
  -webkit-transition: color 0.25s;
  transition: color 0.25s;
  background: none;
  box-sizing: border-box;
  position: relative;
}

.c0::before,
.c0::after {
  box-sizing: inherit;
  content: "";
  position: absolute;
  width: 100%;
  height: 100%;
  border: 1px dashed transparent;
  border-radius: 10px;
  width: 0;
  height: 0;
}

.c0::before {
  border-radius: 10px;
  top: 0;
  left: 0;
}

.c0::after {
  border-radius: 10px;
  bottom: 0;
  right: 0;
}

.c0:hover::before,
.c0:hover::after {
  width: 100%;
  height: 100%;
  border-style: dashed;
}

.c0:hover::before {
  border-top-color: var(--primary-hover);
  border-right-color: var(--primary-hover);
  -webkit-transition: width 0.125s ease-out,height 0.125s ease-out 0.125s;
  -webkit-transition: width 0.125s ease-out,height 0.125s ease-out 0.125s;
  transition: width 0.125s ease-out,height 0.125s ease-out 0.125s;
}

.c0:hover::after {
  border-bottom-color: var(--primary-hover);
  border-left-color: var(--primary-hover);
  -webkit-transition: border-color 0s ease-out 0.25s, width 0.125s ease-out 0.25s,height 0.125s ease-out 0.375s;
  -webkit-transition: border-color 0s ease-out 0.25s,width 0.125s ease-out 0.25s, height 0.125s ease-out 0.375s;
  transition: border-color 0s ease-out 0.25s,width 0.125s ease-out 0.25s, height 0.125s ease-out 0.375s;
}

.c1 {
  font-size: 13px;
  line-height: 13px;
  text-align: center;
  -webkit-letter-spacing: 0.05em;
  -moz-letter-spacing: 0.05em;
  -ms-letter-spacing: 0.05em;
  letter-spacing: 0.05em;
  color: #8290b0;
}

.c2 {
  margin-top: 0.5rem;
  font-size: 10px;
  line-height: 10px;
  color: #8290b0;
}

<span
    class="draw"
    data-testid="FileUpload"
  >
    <div
      class="c0"
      tabindex="0"
    >
      <div
        class="row"
      >
        <svg>
          upload.svg
        </svg>
      </div>
      <div
        class="mt-2 row"
      >
        <h2
          style="font-weight: inherit;"
        >
          Drag & drop you file here
        </h2>
      </div>
      <div
        class="row"
      >
        <h3
          class="c1"
        >
          Drag & drop you file here
        </h3>
      </div>
      <div
        class="mt-3 mb-2 row"
      >
        <h3>
          OR
        </h3>
      </div>
      <div
        class="row"
      >
        <button
          class="btn btn-primary"
          type="button"
        >
          Browse files
        </button>
      </div>
      <div
        class="row"
      >
        <p
          class="c2"
        >
          Maximum file size is 2mb
        </p>
      </div>
      <input
        accept="text/plain,text/csv,application/json,application/ld+json,text/xml,text/html,text/css,application/xml,application/vnd.openxmlformats-officedocument.spreadsheetml.sheet,application/vnd.ms-excel,application/pdf"
        autocomplete="off"
        multiple=""
        style="display: none;"
        tabindex="-1"
        type="file"
      />
    </div>
  </span>
</DocumentFragment>
`;

exports[`snapshot test 1`] = `
<DocumentFragment>
  .c0 {
  display: -webkit-box;
  display: -webkit-flex;
  display: -ms-flexbox;
  display: flex;
  -webkit-flex: 1;
  -ms-flex: 1;
  flex: 1;
  -webkit-flex-direction: column;
  -ms-flex-direction: column;
  flex-direction: column;
  cursor: pointer;
  grid-template-columns: max-content;
  text-align: right;
  -webkit-align-items: center;
  -webkit-box-align: center;
  -ms-flex-align: center;
  align-items: center;
  justify-items: center;
  -webkit-box-pack: center;
  -webkit-justify-content: center;
  -ms-flex-pack: center;
  justify-content: center;
  padding: 4rem;
  border: 1px dashed transparent;
  -webkit-animation: 1s cJoqxJ ease-in-out;
  animation: 1s cJoqxJ ease-in-out;
  box-sizing: border-box;
  border-radius: 10px;
  -webkit-transition: color 0.25s;
  -webkit-transition: color 0.25s;
  transition: color 0.25s;
  background: none;
  box-sizing: border-box;
  position: relative;
}

.c0::before,
.c0::after {
  box-sizing: inherit;
  content: "";
  position: absolute;
  width: 100%;
  height: 100%;
  border: 1px dashed transparent;
  border-radius: 10px;
  width: 0;
  height: 0;
}

.c0::before {
  border-radius: 10px;
  top: 0;
  left: 0;
}

.c0::after {
  border-radius: 10px;
  bottom: 0;
  right: 0;
}

.c0:hover::before,
.c0:hover::after {
  width: 100%;
  height: 100%;
  border-style: dashed;
}

.c0:hover::before {
  border-top-color: var(--primary-hover);
  border-right-color: var(--primary-hover);
  -webkit-transition: width 0.125s ease-out,height 0.125s ease-out 0.125s;
  -webkit-transition: width 0.125s ease-out,height 0.125s ease-out 0.125s;
  transition: width 0.125s ease-out,height 0.125s ease-out 0.125s;
}

.c0:hover::after {
  border-bottom-color: var(--primary-hover);
  border-left-color: var(--primary-hover);
  -webkit-transition: border-color 0s ease-out 0.25s, width 0.125s ease-out 0.25s,height 0.125s ease-out 0.375s;
  -webkit-transition: border-color 0s ease-out 0.25s,width 0.125s ease-out 0.25s, height 0.125s ease-out 0.375s;
  transition: border-color 0s ease-out 0.25s,width 0.125s ease-out 0.25s, height 0.125s ease-out 0.375s;
}

.c1 {
  font-size: 13px;
  line-height: 13px;
  text-align: center;
  -webkit-letter-spacing: 0.05em;
  -moz-letter-spacing: 0.05em;
  -ms-letter-spacing: 0.05em;
  letter-spacing: 0.05em;
  color: #8290b0;
}

.c2 {
  margin-top: 0.5rem;
  font-size: 10px;
  line-height: 10px;
  color: #8290b0;
}

<span
    class="draw"
  >
    <div
      class="c0"
      data-testid="FileUpload"
      tabindex="0"
    >
      <div
        class="row"
      >
        <svg>
          upload.svg
        </svg>
      </div>
      <div
        class="mt-2 row"
      >
        <h2
          style="font-weight: inherit;"
        >
          Drag & drop you file here
        </h2>
      </div>
      <div
        class="row"
      >
        <h3
          class="c1"
        >
          Drag & drop you file here
        </h3>
      </div>
      <div
        class="mt-3 mb-2 row"
      >
        <h3>
          OR
        </h3>
      </div>
      <div
        class="row"
      >
        <button
          class="btn btn-primary"
          type="button"
        >
          Browse files
        </button>
      </div>
      <div
        class="row"
      >
        <p
          class="c2"
        >
          Maximum file size is 2mb
        </p>
      </div>
      <input
        accept="text/plain,text/csv,application/json,application/ld+json,text/xml,text/html,text/css,application/xml,application/vnd.openxmlformats-officedocument.spreadsheetml.sheet,application/vnd.ms-excel,application/pdf"
        autocomplete="off"
        multiple=""
        style="display: none;"
        tabindex="-1"
        type="file"
      />
    </div>
  </span>
</DocumentFragment>
`;
