// Jest Snapshot v1, https://goo.gl/fbAQLP

exports[`InpaasAnalytics Should match snapshot 1`] = `
<DocumentFragment>
  .c11 {
  width: 100%;
  background: var(--dark);
  border: 1px solid var(--border-new);
  display: -webkit-box;
  display: -webkit-flex;
  display: -ms-flexbox;
  display: flex;
  -webkit-flex-direction: column;
  -ms-flex-direction: column;
  flex-direction: column;
  -webkit-box-pack: stretch;
  -webkit-justify-content: stretch;
  -ms-flex-pack: stretch;
  justify-content: stretch;
  border-radius: 0.5rem;
  padding: 1rem 1.15rem;
  min-height: 6rem;
}

.c11 > * {
  -webkit-box-flex: 1;
  -webkit-flex-grow: 1;
  -ms-flex-positive: 1;
  flex-grow: 1;
}

.c13 {
  font-weight: bold;
  line-height: normal;
  -webkit-letter-spacing: 0.2em;
  -moz-letter-spacing: 0.2em;
  -ms-letter-spacing: 0.2em;
  letter-spacing: 0.2em;
  text-transform: uppercase;
  color: var(--lightest);
  display: -webkit-box;
  display: -webkit-flex;
  display: -ms-flexbox;
  display: flex;
  position: relative;
  -webkit-align-items: flex-end;
  -webkit-box-align: flex-end;
  -ms-flex-align: flex-end;
  align-items: flex-end;
  font-size: 0.65rem;
  padding: 0.25rem 0;
  margin-bottom: 0.25rem;
  max-height: 2rem;
}

.c13 > svg {
  margin: -0.5rem 0 0 0.35rem;
  vertical-align: middle;
  width: 0.85rem;
  height: 0.85rem;
}

.c6 > svg {
  margin: -0.5rem 0 0 0.35rem;
  vertical-align: middle;
  width: 0.85rem;
  height: 0.85rem;
}

.c18 {
  height: 100%;
}

.c18 li > span {
  display: inline-block;
  margin: 0 15px;
}

.c15 {
  position: relative;
}

.c17 {
  width: 100%;
  list-style: none;
  cursor: pointer;
  margin: auto;
}

.c17 > li.hidden {
  -webkit-text-decoration: line-through;
  text-decoration: line-through;
}

.c16 {
  height: 250px;
}

.c0 {
  margin-bottom: 3rem;
  -webkit-align-items: flex-start;
  -webkit-box-align: flex-start;
  -ms-flex-align: flex-start;
  align-items: flex-start;
}

.c0 .analytics-card-container {
  min-height: 20rem;
  margin-bottom: 0.85rem;
}

.c0 .analytics-card-container > div {
  display: -webkit-box;
  display: -webkit-flex;
  display: -ms-flexbox;
  display: flex;
  height: 100%;
}

.c1 {
  padding-top: 0.5rem;
  padding-bottom: 0.5rem;
}

.c1 h2 {
  margin: 0;
  font-size: 1.15rem;
}

.c1 svg {
  margin: -0.5rem 0 0 0.35rem;
  vertical-align: middle;
  width: 0.85rem;
  height: 0.85rem;
}

.c2 span {
  border: solid 1px var(--border-new);
  color: var(--primary);
  border-radius: 0.25rem;
  font-weight: bold;
  padding: 0.25rem 0.75rem;
  font-size: 0.75rem;
}

.c2 span b {
  font-weight: bold;
  color: var(--lightest);
  -webkit-letter-spacing: 0.2em;
  -moz-letter-spacing: 0.2em;
  -ms-letter-spacing: 0.2em;
  letter-spacing: 0.2em;
  font-size: 0.5rem;
}

.c12 {
  height: 100%;
}

.c12 li > span {
  display: inline-block;
  margin: 0 15px;
}

.c14 {
  margin: 0;
  padding: 0;
}

.c4 {
  width: 100%;
  height: 100%;
  background: var(--dark);
  border: 1px solid var(--border-new);
  display: -webkit-box;
  display: -webkit-flex;
  display: -ms-flexbox;
  display: flex;
  -webkit-flex-direction: column;
  -ms-flex-direction: column;
  flex-direction: column;
  -webkit-box-pack: stretch;
  -webkit-justify-content: stretch;
  -ms-flex-pack: stretch;
  justify-content: stretch;
  border-radius: 0.5rem;
  padding: 1rem 1.15rem;
  min-height: 6rem;
}

.c4 > * {
  -webkit-box-flex: 1;
  -webkit-flex-grow: 1;
  -ms-flex-positive: 1;
  flex-grow: 1;
}

.c5 {
  font-weight: bold;
  line-height: normal;
  -webkit-letter-spacing: 0.2em;
  -moz-letter-spacing: 0.2em;
  -ms-letter-spacing: 0.2em;
  letter-spacing: 0.2em;
  text-transform: uppercase;
  color: var(--lightest);
  position: relative;
  font-size: 0.65rem;
  padding: 0.25rem 0;
  margin-bottom: 0.25rem;
  max-height: 2rem;
}

.c5 > svg {
  margin: -0.5rem 0 0 0.35rem;
  vertical-align: middle;
  width: 0.85rem;
  height: 0.85rem;
}

.c8 {
  line-height: normal;
  font-size: 1.5rem;
}

.c8 sup {
  font-size: 1rem;
  padding: 0.25rem;
}

.c8 span {
  color: var(--subtext-3);
  font-size: 12px;
  line-height: 15px;
}

.c8 .allocation-separator {
  height: 23px;
  width: 2px;
  background: var(--border-new);
}

.c10 {
  position: relative;
  background: var(--page);
  border-radius: 18px;
  height: 24px;
}

.c10 .toggle-button {
  background: none;
  z-index: 1;
  border: none;
  padding: 7px;
  height: 18px;
  font-weight: bold;
  font-size: 0.9rem;
  line-height: 12px;
  -webkit-letter-spacing: 0.1em;
  -moz-letter-spacing: 0.1em;
  -ms-letter-spacing: 0.1em;
  letter-spacing: 0.1em;
  text-transform: uppercase;
}

.c10::before {
  content: "";
  background: var(--light);
  width: 50%;
  position: absolute;
  border-radius: 12px;
  -webkit-transition: all 200ms ease-out;
  transition: all 200ms ease-out;
  top: 3px;
  height: 18px;
  left: 2px;
}

.c10.toggled::before {
  -webkit-transition: all 200ms ease-out;
  transition: all 200ms ease-out;
  left: 47%;
}

.c7 .comparison-label {
  font-family: var(--font-secondary);
  font-weight: bold;
  font-size: 11px;
  line-height: 13px;
  -webkit-letter-spacing: 0.2em;
  -moz-letter-spacing: 0.2em;
  -ms-letter-spacing: 0.2em;
  letter-spacing: 0.2em;
  text-transform: uppercase;
  color: var(--subtext-3);
}

.c7 .horizontal-separator {
  height: 2px;
  width: 80%;
  background: var(--border-new);
}

.c7 .vertical-separator {
  height: 80%;
  width: 2px;
  background: var(--border-new);
}

.c7 .comparison-value-container {
  margin: auto auto 0 auto;
}

.c9 .comparison-label {
  font-family: var(--font-secondary);
  font-weight: bold;
  font-size: 11px;
  line-height: 13px;
  -webkit-letter-spacing: 0.2em;
  -moz-letter-spacing: 0.2em;
  -ms-letter-spacing: 0.2em;
  letter-spacing: 0.2em;
  text-transform: uppercase;
  color: var(--subtext-3);
}

.c9 .comparison-toggle {
  top: 0;
  right: 50%;
  -webkit-transform: translateX(50%);
  -ms-transform: translateX(50%);
  transform: translateX(50%);
}

.c9 .toggle-button {
  font-size: 10px;
  width: 43px;
}

.c9 .toggle-button:first-of-type {
  margin-left: 5px;
}

.c9 .toggle-button:last-of-type {
  margin-right: 5px;
}

.c9 .vertical-separator {
  height: 80%;
  width: 2px;
  background: var(--border-new);
}

.c3 {
  min-height: 296px;
}

@media (min-width:1600px) {
  .c11 {
    border-radius: 0.625rem;
    padding: 1.65rem;
  }
}

@media (min-width:1600px) {
  .c13 {
    font-size: 0.75rem;
    margin-bottom: 0.5rem;
  }
}

@media (min-width:1600px) {
  .c13 > svg {
    width: 1rem;
    height: 1rem;
  }
}

@media (min-width:1600px) {
  .c6 > svg {
    width: 1rem;
    height: 1rem;
  }
}

@media (min-width:1600px) {
  .c1 h2 {
    font-size: 1.5rem;
  }
}

@media (min-width:1600px) {
  .c1 svg {
    width: 1rem;
    height: 1rem;
  }
}

@media (min-width:1600px) {
  .c2 span {
    font-size: 0.9rem;
  }
}

@media (min-width:1600px) {
  .c2 span b {
    font-size: 0.725rem;
  }
}

@media (min-width:1600px) {
  .c4 {
    border-radius: 0.625rem;
    padding: 1rem 1.65rem 1.65rem 1.65rem;
  }
}

@media (min-width:1600px) {
  .c5 {
    font-size: 0.75rem;
    margin-bottom: 0.5rem;
  }
}

@media (min-width:1600px) {
  .c5 > svg {
    width: 1rem;
    height: 1rem;
  }
}

@media (min-width:1600px) {
  .c8 {
    font-size: 1.95rem;
  }
}

@media (min-width:1600px) {
  .c8 sup {
    font-size: 1.15rem;
  }
}

@media (min-width:1600px) {
  .c10 {
    border-radius: 24px;
    height: 32px;
  }
}

@media (min-width:1600px) {
  .c10 .toggle-button {
    height: 24px;
  }
}

@media (min-width:1600px) {
  .c10::before {
    top: 4px;
    height: 24px;
  }
}

<div
    class="container-fluid"
  >
    <section
      class="c0 container-fluid"
    >
      <div
        class="mb-2 row"
      >
        <div
          class="c1 col-16"
        >
          <h2>
            AnalyticsÂ 
          </h2>
        </div>
        <div
          class="c2 col-8 d-flex align-items-center justify-content-end"
        />
      </div>
      <div
        class="c3 mb-2 row"
      >
        <div
          class="mb-1 col-12"
          data-testid="Portfolio-Metric-Card"
        >
          <div
            class="c4"
          >
            <div
              class="c5 d-flex align-items-center"
            >
              Risk comparison
              <i
                class="c6"
              >
                <svg>
                  info.svg
                </svg>
              </i>
            </div>
            <div
              class="c7 row"
            >
              <div
                class="col-7 d-flex flex-column justify-content-between"
              >
                <div
                  class="comparison-value-container"
                >
                  <div
                    class="c8"
                  >
                    47.72
                    <sup>
                      %
                    </sup>
                  </div>
                  <span
                    class="comparison-label"
                  >
                    LESS RISK
                  </span>
                </div>
                <div
                  class="horizontal-separator m-auto"
                />
                <div
                  class="comparison-value-container mt-0 mb-auto"
                >
                  <div
                    class="c8"
                  >
                    616
                    <sup>
                      bps
                    </sup>
                  </div>
                  <span
                    class="comparison-label"
                  >
                    REDUCTION
                  </span>
                </div>
              </div>
              <div
                class="col-1 d-flex justify-content-center align-content-center"
              >
                <div
                  class="vertical-separator m-auto"
                />
              </div>
              <div
                class="col-16"
              >
                <div
                  style="width: 100%; height: 100%;"
                >
                  <div
                    style="width: 0px; height: 0px;"
                  />
                </div>
              </div>
            </div>
          </div>
        </div>
        <div
          class="mb-1 col-12"
          data-testid="Portfolio-Metric-Card"
        >
          <div
            class="c4"
          >
            <div
              class="c5 d-flex align-items-center"
            >
              Expense ratio comparison
              <i
                class="c6"
              >
                <svg>
                  info.svg
                </svg>
              </i>
            </div>
            <div
              class="c9 row"
            >
              <div
                class="col-7 d-flex flex-column justify-content-center"
              >
                <div
                  class="c10 d-flex align-items-center mt-4 position-absolute comparison-toggle"
                >
                  <button
                    class="d-flex justify-content-center align-items-center toggle-button"
                    data-testid="ToggleValue-Percent"
                    type="button"
                  >
                    CASH
                  </button>
                  <button
                    class="d-flex justify-content-center align-items-center toggle-button"
                    data-testid="ToggleValue-Dollar"
                    type="button"
                  >
                    BPS
                  </button>
                </div>
                <div
                  class="c8"
                >
                  $0
                  <sup>
                    .00
                  </sup>
                </div>
                <span
                  class="comparison-label"
                >
                  SAVED
                </span>
              </div>
              <div
                class="col-1 d-flex justify-content-center align-content-center"
              >
                <div
                  class="vertical-separator m-auto"
                />
              </div>
              <div
                class="col-16"
              >
                <div
                  style="width: 100%; height: 100%;"
                >
                  <div
                    style="width: 0px; height: 0px;"
                  />
                </div>
              </div>
            </div>
          </div>
        </div>
      </div>
      <div
        class="c3 row"
      >
        <div
          class="col-12"
        >
          <div
            class="c11 c12"
            id="card"
          >
            <div
              class="c13"
            >
              sector allocation
              <i
                class="c6"
              >
                <svg>
                  info.svg
                </svg>
              </i>
            </div>
            <div
              class="c14"
            >
              <div
                class="c15 row"
              >
                <div
                  class="c16 col-13"
                >
                  <canvas
                    class="chartjs-render-monitor"
                    height="0"
                    id="sector-allocation"
                    style="display: block;"
                    width="0"
                  />
                </div>
                <ul
                  class="c17 0-legend col-11"
                />
              </div>
            </div>
          </div>
        </div>
        <div
          class="col-12"
        >
          <div
            class="c11 c18"
            id="card"
          >
            <div
              class="c13"
            >
              yield contribution
              <i
                class="c6"
              >
                <svg>
                  info.svg
                </svg>
              </i>
            </div>
            <div
              class="c15 row"
            >
              <div
                class="c16 col-13"
              >
                <canvas
                  class="chartjs-render-monitor"
                  height="0"
                  id="yield-contribution"
                  style="display: block;"
                  width="0"
                />
              </div>
              <ul
                class="c17 0-legend col-11"
              />
            </div>
          </div>
        </div>
      </div>
    </section>
  </div>
</DocumentFragment>
`;
